
> client@0.0.0 build
> vite build

[36mvite v8.0.3 [32mbuilding client environment for production...[36m[39m
[2K
transforming...Γ£ô 22 modules transformed.
node.exe : [31mΓ£ù[39m 
Build failed in 307ms
At line:1 char:1
+ & "C:\Program 
Files\nodejs/node.exe" 
"C:\Program 
Files\nodejs/node_mo ...
+ ~~~~~~~~~~~~~~~~~~~~~~~~
~~~~~~~~~~~~~~~~~~~~~~~~~~
~~~~~~~~~~~~~~~~~~~
    + CategoryInfo        
      : NotSpecified: (  
  [31mΓ£ù[39m Build fa   
 iled in 307ms:String)    
 [], RemoteException
    + FullyQualifiedError 
   Id : NativeCommandErr  
  or
 
[31merror during build:
[31mBuild failed with 2 
errors:

[31m[builtin:vite-transfo
rm] Error:[0m Unexpected 
token. Did you mean 
`{'}'}` or `&rbrace;`?
    [38;5;246mΓò¡[0m[38
;5;246mΓöÇ[0m[38;5;246m[
[0m src/components/Genera
tor/ConfigurationPanel.jsx
:68:99 [38;5;246m][0m
    [38;5;246mΓöé[0m
 [38;5;246m68 Γöé[0m 
[38;5;249m 
[0m[38;5;249m 
[0m[38;5;249m 
[0m[38;5;249m 
[0m[38;5;249m 
[0m[38;5;249m 
[0m[38;5;249m 
[0m[38;5;249m 
[0m[38;5;249m 
[0m[38;5;249m [0m[38;5
;249m<[0m[38;5;249ms[0m
[38;5;249mp[0m[38;5;249
ma[0m[38;5;249mn[0m[38
;5;249m [0m[38;5;249mc[
0m[38;5;249ml[0m[38;5;2
49ma[0m[38;5;249ms[0m[
38;5;249ms[0m[38;5;249mN
[0m[38;5;249ma[0m[38;5
;249mm[0m[38;5;249me[0m
[38;5;249m=[0m[38;5;249
m"[0m[38;5;249mt[0m[38
;5;249me[0m[38;5;249mx[
0m[38;5;249mt[0m[38;5;2
49m-[0m[38;5;249mx[0m[
38;5;249ms[0m[38;5;249m 
[0m[38;5;249ml[0m[38;5
;249me[0m[38;5;249ma[0m
[38;5;249md[0m[38;5;249
mi[0m[38;5;249mn[0m[38
;5;249mg[0m[38;5;249m-[
0m[38;5;249mr[0m[38;5;2
49me[0m[38;5;249ml[0m[
38;5;249ma[0m[38;5;249mx
[0m[38;5;249me[0m[38;5
;249md[0m[38;5;249m [0m
[38;5;249mt[0m[38;5;249
me[0m[38;5;249mx[0m[38
;5;249mt[0m[38;5;249m-[
0m[38;5;249mo[0m[38;5;2
49mn[0m[38;5;249m-[0m[
38;5;249ms[0m[38;5;249mu
[0m[38;5;249mr[0m[38;5
;249mf[0m[38;5;249ma[0m
[38;5;249mc[0m[38;5;249
me[0m[38;5;249m-[0m[38
;5;249mv[0m[38;5;249ma[
0m[38;5;249mr[0m[38;5;2
49mi[0m[38;5;249ma[0m[
38;5;249mn[0m[38;5;249mt
[0m[38;5;249m"[0m[38;5
;249m>[0m[38;5;249mR[0m
[38;5;249ma[0m[38;5;249
mr[0m[38;5;249me[0m[38
;5;249m [0m[38;5;249ms[
0m[38;5;249my[0m[38;5;2
49mm[0m[38;5;249mb[0m[
38;5;249mo[0m[38;5;249ml
[0m[38;5;249ms[0m[38;5
;249m [0m[38;5;249mo[0m
[38;5;249mn[0m[38;5;249
ml[0m[38;5;249my[0m[38
;5;249m [0m[38;5;249m([
0m[38;5;249m+[0m[38;5;2
49m,[0m[38;5;249m [0m[
38;5;249m}[0m[38;5;249m,
[0m[38;5;249m [0m[38;5
;249m[[0m[38;5;249m,[0m
[38;5;249m [0m[38;5;249
m~[0m[38;5;249m,[0m[38
;5;249m [0m[38;5;249m.[
0m[38;5;249m.[0m[38;5;2
49m.[0m[38;5;249m)[0m[
38;5;249m<[0m[38;5;249m/
[0m[38;5;249ms[0m[38;5
;249mp[0m[38;5;249ma[0m
[38;5;249mn[0m[38;5;249
m>[0m
 [38;5;240m   Γöé[0m    
                          
                          
                          
                 Γöé 
 [38;5;240m   Γöé[0m    
                          
                          
                          
                 Γò░ΓöÇ 
[38;5;246mΓöÇΓöÇΓöÇΓöÇΓò»
[0m

[plugin vite:css] D:/Akez/
Projects/Vaultly/client/sr
c/index.css:undefined:NaN
Error: [postcss] It looks 
like you're trying to use 
`tailwindcss` directly as 
a PostCSS plugin. The 
PostCSS plugin has moved 
to a separate package, so 
to continue using 
Tailwind CSS with PostCSS 
you'll need to install 
`@tailwindcss/postcss` 
and update your PostCSS 
configuration.
    at at (D:\Akez\Project
s\Vaultly\client\node_modu
les\tailwindcss\dist\lib.j
s:38:1643)
    at 
LazyResult.runOnRoot (D:\A
kez\Projects\Vaultly\clien
t\node_modules\postcss\lib
\lazy-result.js:361:16)
    at 
LazyResult.runAsync (D:\Ak
ez\Projects\Vaultly\client
\node_modules\postcss\lib\
lazy-result.js:290:26)
    at LazyResult.async (D
:\Akez\Projects\Vaultly\cl
ient\node_modules\postcss\
lib\lazy-result.js:192:30)
    at LazyResult.then (D:
\Akez\Projects\Vaultly\cli
ent\node_modules\postcss\l
ib\lazy-result.js:436:17)
[31m
    at aggregateBindingErr
orsIntoJsError (file:///D:
/Akez/Projects/Vaultly/cli
ent/node_modules/rolldown/
dist/shared/error-BLhcSyeg
.mjs:48:18)
    at 
unwrapBindingResult (file:
///D:/Akez/Projects/Vaultl
y/client/node_modules/roll
down/dist/shared/error-BLh
cSyeg.mjs:18:128)
    at #build (file:///D:/
Akez/Projects/Vaultly/clie
nt/node_modules/rolldown/d
ist/shared/rolldown-build-
CPrIX9V6.mjs:3313:34)
    at async 
buildEnvironment (file:///
D:/Akez/Projects/Vaultly/c
lient/node_modules/vite/di
st/node/chunks/node.js:328
49:64)
    at async Object.build 
(file:///D:/Akez/Projects/
Vaultly/client/node_module
s/vite/dist/node/chunks/no
de.js:33271:19)
    at async 
Object.buildApp (file:///D
:/Akez/Projects/Vaultly/cl
ient/node_modules/vite/dis
t/node/chunks/node.js:3326
8:153)
    at async 
CAC.<anonymous> (file:///D
:/Akez/Projects/Vaultly/cl
ient/node_modules/vite/dis
t/node/cli.js:778:3) {
  errors: [Getter/Setter]
}[39m
